Сборка начата 19.03.2026 19:19:56.
Уровень детализации журнала: Normal.     1>Проект "D:\1 курс 1 семестр\ОПИ 1 курс\lab_12\test2\Mini-games-lab_12-\tic-tac-game\tic-tac-game.vcxproj" в узле 2 (целевые объекты Build).
     1>PrepareForBuild:
         Структурированный вывод включен. Форматирование диагностики компилятора будет отражать иерархию ошибок. Подробнее см. https://aka.ms/cpp/structured-output.
       InitializeBuildStatus:
         Обращение к "tic-tac-game\x64\Debug\tic-tac-game.tlog\unsuccessfulbuild".
       ClCompile:
         D:\Visual Studio\VC\Tools\MSVC\14.44.35207\bin\HostX64\x64\CL.exe /c /ZI /JMC /nologo /W3 /WX- /diagnostics:column /sdl /Od /D _DEBUG /D _CONSOLE /D _UNICODE /D UNICODE /Gm- /EHsc /RTC1 /MDd /GS /fp:precise /Zc:wchar_t /Zc:forScope /Zc:inline /permissive- /Fo"tic-tac-game\x64\Debug\\" /Fd"tic-tac-game\x64\Debug\vc143.pdb" /external:W3 /Gd /TP /FC /errorReport:prompt "tic-tac-game.cpp"
         tic-tac-game.cpp
       Link:
         D:\Visual Studio\VC\Tools\MSVC\14.44.35207\bin\HostX64\x64\link.exe /ERRORREPORT:PROMPT /OUT:"D:\1 курс 1 семестр\ОПИ 1 курс\lab_12\test2\Mini-games-lab_12-\tic-tac-game\x64\Debug\tic-tac-game.exe" /INCREMENTAL /ILK:"tic-tac-game\x64\Debug\tic-tac-game.ilk" /NOLOGO kernel32.lib user32.lib gdi32.lib winspool.lib comdlg32.lib advapi32.lib shell32.lib ole32.lib oleaut32.lib uuid.lib odbc32.lib odbccp32.lib /MANIFEST /MANIFESTUAC:"level='asInvoker' uiAccess='false'" /manifest:embed /DEBUG /PDB:"D:\1 курс 1 семестр\ОПИ 1 курс\lab_12\test2\Mini-games-lab_12-\tic-tac-game\x64\Debug\tic-tac-game.pdb" /SUBSYSTEM:CONSOLE /TLBID:1 /DYNAMICBASE /NXCOMPAT /IMPLIB:"D:\1 курс 1 семестр\ОПИ 1 курс\lab_12\test2\Mini-games-lab_12-\tic-tac-game\x64\Debug\tic-tac-game.lib" /MACHINE:X64 "tic-tac-game\x64\Debug\tic-tac-game.obj"
     1>MSVCRTD.lib(exe_main.obj) : error LNK2019: ссылка на неразрешенный внешний символ main в функции "int __cdecl invoke_main(void)" (?invoke_main@@YAHXZ).
     1>D:\1 курс 1 семестр\ОПИ 1 курс\lab_12\test2\Mini-games-lab_12-\tic-tac-game\x64\Debug\tic-tac-game.exe : fatal error LNK1120: неразрешенных внешних элементов: 1
     1>Сборка проекта "D:\1 курс 1 семестр\ОПИ 1 курс\lab_12\test2\Mini-games-lab_12-\tic-tac-game\tic-tac-game.vcxproj" завершена (целевые объекты Build) с ошибкой.

Ошибка сборки.

       "D:\1 курс 1 семестр\ОПИ 1 курс\lab_12\test2\Mini-games-lab_12-\tic-tac-game\tic-tac-game.vcxproj" (целевой объект Build ) (1) ->
       (Целевой объект Link) -> 
         MSVCRTD.lib(exe_main.obj) : error LNK2019: ссылка на неразрешенный внешний символ main в функции "int __cdecl invoke_main(void)" (?invoke_main@@YAHXZ).
         D:\1 курс 1 семестр\ОПИ 1 курс\lab_12\test2\Mini-games-lab_12-\tic-tac-game\x64\Debug\tic-tac-game.exe : fatal error LNK1120: неразрешенных внешних элементов: 1

    Предупреждений: 0
    Ошибок: 2

Прошло времени 00:00:01.61
